2025-10-19 18:06:46,366 - __main__ - INFO - ======================================================================
2025-10-19 18:06:46,367 - __main__ - INFO - STARTE COMPREHENSIVE TRAINING
2025-10-19 18:06:46,367 - __main__ - INFO - ======================================================================
2025-10-19 18:06:46,368 - __main__ - INFO - Symbole: BTC/USD, ETH/USD, SOL/USD, XRP/USD, ADA/USD, BNB/USD, DOGE/USD, MATIC/USD, DOT/USD, AVAX/USD
2025-10-19 18:06:46,368 - __main__ - INFO - Historische Daten: 15 Jahre
2025-10-19 18:06:46,368 - __main__ - INFO - Timeframe: 1d
2025-10-19 18:06:46,372 - __main__ - INFO - News-Integration: ✓ Aktiviert
2025-10-19 18:06:46,373 - __main__ - INFO - 
2025-10-19 18:06:46,373 - __main__ - INFO - 📦 Initialisiere Komponenten...
2025-10-19 18:06:46,373 - trading_bot.data_provider - INFO - Kraken Exchange ohne API-Keys initialisiert (nur öffentliche Daten)
2025-10-19 18:06:46,392 - trading_bot.data_provider - INFO - Kraken Exchange erfolgreich initialisiert
2025-10-19 18:06:46,392 - trading_bot.indicators - INFO - TechnicalIndicators erfolgreich initialisiert
2025-10-19 18:06:46,577 - trading_bot.ml_model - INFO - Gespeichertes Modell erfolgreich geladen
2025-10-19 18:06:46,577 - trading_bot.ml_model - INFO - MLModel erfolgreich initialisiert
2025-10-19 18:06:46,578 - trading_bot.news_provider - INFO - NewsProvider initialisiert
2025-10-19 18:06:46,578 - __main__ - INFO - ✓ NewsProvider initialisiert
2025-10-19 18:06:46,578 - trading_bot.historical_trainer - INFO - HistoricalTrainer initialisiert
2025-10-19 18:06:46,579 - __main__ - INFO - ✓ Alle Komponenten initialisiert
2025-10-19 18:06:46,579 - __main__ - INFO - 
2025-10-19 18:06:46,579 - __main__ - INFO - ======================================================================
2025-10-19 18:06:46,580 - __main__ - INFO - 📊 PHASE 1: HISTORICAL DATA TRAINING
2025-10-19 18:06:46,580 - __main__ - INFO - ======================================================================
2025-10-19 18:06:46,580 - __main__ - INFO - Lade und verarbeite 15 Jahre Daten für 10 Symbole...
2025-10-19 18:06:46,580 - __main__ - INFO - Dies kann einige Minuten dauern...
2025-10-19 18:06:46,581 - __main__ - INFO - 
2025-10-19 18:06:46,581 - trading_bot.historical_trainer - INFO - Starte Historical Training: 10 Symbole, 15 Jahre, Timeframe: 1d
2025-10-19 18:06:46,585 - trading_bot.historical_trainer - INFO - Lade historische Daten für BTC/USD...
2025-10-19 18:06:46,586 - trading_bot.data_provider - INFO - Hole historische Daten für BTC/USD (1d), Limit: 5475
2025-10-19 18:06:49,998 - trading_bot.data_provider - INFO - Erfolgreich 721 Kerzen für BTC/USD geladen
2025-10-19 18:06:50,016 - trading_bot.historical_trainer - INFO - BTC/USD: 721 Kerzen geladen (von 2023-10-30 00:00:00 bis 2025-10-19 00:00:00)
2025-10-19 18:06:50,554 - trading_bot.indicators - INFO - Erfolgreich 22 Indikatoren berechnet
2025-10-19 18:06:51,164 - trading_bot.news_provider - INFO - 15 News-Artikel für BTC/USD geladen
2025-10-19 18:07:07,287 - trading_bot.historical_trainer - INFO - BTC/USD: 672 Samples generiert
2025-10-19 18:07:07,305 - trading_bot.historical_trainer - INFO - Lade historische Daten für ETH/USD...
2025-10-19 18:07:07,306 - trading_bot.data_provider - INFO - Hole historische Daten für ETH/USD (1d), Limit: 5475
2025-10-19 18:07:07,506 - trading_bot.data_provider - INFO - Erfolgreich 721 Kerzen für ETH/USD geladen
2025-10-19 18:07:07,507 - trading_bot.historical_trainer - INFO - ETH/USD: 721 Kerzen geladen (von 2023-10-30 00:00:00 bis 2025-10-19 00:00:00)
2025-10-19 18:07:07,555 - trading_bot.indicators - INFO - Erfolgreich 22 Indikatoren berechnet
2025-10-19 18:07:08,275 - trading_bot.news_provider - INFO - 15 News-Artikel für ETH/USD geladen
2025-10-19 18:07:25,098 - trading_bot.historical_trainer - INFO - ETH/USD: 672 Samples generiert
2025-10-19 18:07:25,099 - trading_bot.historical_trainer - INFO - Lade historische Daten für SOL/USD...
2025-10-19 18:07:25,100 - trading_bot.data_provider - INFO - Hole historische Daten für SOL/USD (1d), Limit: 5475
2025-10-19 18:07:25,326 - trading_bot.data_provider - INFO - Erfolgreich 721 Kerzen für SOL/USD geladen
2025-10-19 18:07:25,327 - trading_bot.historical_trainer - INFO - SOL/USD: 721 Kerzen geladen (von 2023-10-30 00:00:00 bis 2025-10-19 00:00:00)
2025-10-19 18:07:25,380 - trading_bot.indicators - INFO - Erfolgreich 22 Indikatoren berechnet
2025-10-19 18:07:25,942 - trading_bot.news_provider - INFO - 15 News-Artikel für SOL/USD geladen
2025-10-19 18:07:41,525 - trading_bot.historical_trainer - INFO - SOL/USD: 672 Samples generiert
2025-10-19 18:07:41,526 - trading_bot.historical_trainer - INFO - Lade historische Daten für XRP/USD...
2025-10-19 18:07:41,526 - trading_bot.data_provider - INFO - Hole historische Daten für XRP/USD (1d), Limit: 5475
2025-10-19 18:07:41,812 - trading_bot.data_provider - INFO - Erfolgreich 721 Kerzen für XRP/USD geladen
2025-10-19 18:07:41,812 - trading_bot.historical_trainer - INFO - XRP/USD: 721 Kerzen geladen (von 2023-10-30 00:00:00 bis 2025-10-19 00:00:00)
2025-10-19 18:07:41,865 - trading_bot.indicators - INFO - Erfolgreich 22 Indikatoren berechnet
2025-10-19 18:07:42,431 - trading_bot.news_provider - INFO - 15 News-Artikel für XRP/USD geladen
2025-10-19 18:07:58,486 - trading_bot.historical_trainer - INFO - XRP/USD: 672 Samples generiert
2025-10-19 18:07:58,487 - trading_bot.historical_trainer - INFO - Lade historische Daten für ADA/USD...
2025-10-19 18:07:58,487 - trading_bot.data_provider - INFO - Hole historische Daten für ADA/USD (1d), Limit: 5475
2025-10-19 18:07:58,808 - trading_bot.data_provider - INFO - Erfolgreich 721 Kerzen für ADA/USD geladen
2025-10-19 18:07:58,808 - trading_bot.historical_trainer - INFO - ADA/USD: 721 Kerzen geladen (von 2023-10-30 00:00:00 bis 2025-10-19 00:00:00)
2025-10-19 18:07:58,846 - trading_bot.indicators - INFO - Erfolgreich 22 Indikatoren berechnet
2025-10-19 18:07:59,460 - trading_bot.news_provider - INFO - 15 News-Artikel für ADA/USD geladen
2025-10-19 18:08:16,772 - trading_bot.historical_trainer - INFO - ADA/USD: 672 Samples generiert
2025-10-19 18:08:16,773 - trading_bot.historical_trainer - INFO - Lade historische Daten für BNB/USD...
2025-10-19 18:08:16,773 - trading_bot.data_provider - INFO - Hole historische Daten für BNB/USD (1d), Limit: 5475
2025-10-19 18:08:16,898 - trading_bot.data_provider - INFO - Erfolgreich 181 Kerzen für BNB/USD geladen
2025-10-19 18:08:16,900 - trading_bot.historical_trainer - INFO - BNB/USD: 181 Kerzen geladen (von 2025-04-22 00:00:00 bis 2025-10-19 00:00:00)
2025-10-19 18:08:16,957 - trading_bot.indicators - INFO - Erfolgreich 22 Indikatoren berechnet
2025-10-19 18:08:17,509 - trading_bot.news_provider - INFO - 15 News-Artikel für BNB/USD geladen
2025-10-19 18:08:20,825 - trading_bot.historical_trainer - INFO - BNB/USD: 132 Samples generiert
2025-10-19 18:08:20,826 - trading_bot.historical_trainer - INFO - Lade historische Daten für DOGE/USD...
2025-10-19 18:08:20,827 - trading_bot.data_provider - INFO - Hole historische Daten für DOGE/USD (1d), Limit: 5475
2025-10-19 18:08:21,035 - trading_bot.data_provider - INFO - Erfolgreich 721 Kerzen für DOGE/USD geladen
2025-10-19 18:08:21,036 - trading_bot.historical_trainer - INFO - DOGE/USD: 721 Kerzen geladen (von 2023-10-30 00:00:00 bis 2025-10-19 00:00:00)
2025-10-19 18:08:21,077 - trading_bot.indicators - INFO - Erfolgreich 22 Indikatoren berechnet
2025-10-19 18:08:21,640 - trading_bot.news_provider - INFO - 15 News-Artikel für DOGE/USD geladen
2025-10-19 18:08:37,273 - trading_bot.historical_trainer - INFO - DOGE/USD: 672 Samples generiert
2025-10-19 18:08:37,274 - trading_bot.historical_trainer - INFO - Lade historische Daten für MATIC/USD...
2025-10-19 18:08:37,274 - trading_bot.data_provider - INFO - Hole historische Daten für MATIC/USD (1d), Limit: 5475
2025-10-19 18:08:37,274 - trading_bot.data_provider - ERROR - Fehler beim Abrufen der historischen Daten für MATIC/USD: kraken does not have market symbol MATIC/USD
2025-10-19 18:08:37,274 - trading_bot.historical_trainer - WARNING - Nicht genug Daten für MATIC/USD - überspringe
2025-10-19 18:08:37,275 - trading_bot.historical_trainer - INFO - Lade historische Daten für DOT/USD...
2025-10-19 18:08:37,275 - trading_bot.data_provider - INFO - Hole historische Daten für DOT/USD (1d), Limit: 5475
2025-10-19 18:08:37,402 - trading_bot.data_provider - INFO - Erfolgreich 721 Kerzen für DOT/USD geladen
2025-10-19 18:08:37,403 - trading_bot.historical_trainer - INFO - DOT/USD: 721 Kerzen geladen (von 2023-10-30 00:00:00 bis 2025-10-19 00:00:00)
2025-10-19 18:08:37,437 - trading_bot.indicators - INFO - Erfolgreich 22 Indikatoren berechnet
2025-10-19 18:08:38,007 - trading_bot.news_provider - INFO - 15 News-Artikel für DOT/USD geladen
2025-10-19 18:08:52,503 - trading_bot.historical_trainer - INFO - DOT/USD: 672 Samples generiert
2025-10-19 18:08:52,504 - trading_bot.historical_trainer - INFO - Lade historische Daten für AVAX/USD...
2025-10-19 18:08:52,504 - trading_bot.data_provider - INFO - Hole historische Daten für AVAX/USD (1d), Limit: 5475
2025-10-19 18:08:52,874 - trading_bot.data_provider - INFO - Erfolgreich 721 Kerzen für AVAX/USD geladen
2025-10-19 18:08:52,875 - trading_bot.historical_trainer - INFO - AVAX/USD: 721 Kerzen geladen (von 2023-10-30 00:00:00 bis 2025-10-19 00:00:00)
2025-10-19 18:08:52,921 - trading_bot.indicators - INFO - Erfolgreich 22 Indikatoren berechnet
2025-10-19 18:08:53,486 - trading_bot.news_provider - INFO - 15 News-Artikel für AVAX/USD geladen
2025-10-19 18:09:08,463 - trading_bot.historical_trainer - INFO - AVAX/USD: 672 Samples generiert
2025-10-19 18:09:08,472 - trading_bot.historical_trainer - INFO - Gesamtdaten: 5508 Samples aus 9 Symbolen
2025-10-19 18:09:08,473 - trading_bot.historical_trainer - INFO - Label-Verteilung: Kauf=2654, Halten=590, Verkauf=2264
2025-10-19 18:09:08,473 - trading_bot.historical_trainer - INFO - Starte Modell-Training mit historischen Daten...
2025-10-19 18:09:08,474 - trading_bot.ml_model - INFO - Starte Training mit 5508 Samples...
2025-10-19 18:09:08,502 - trading_bot.ml_model - INFO - XGBoost Modell initialisiert
2025-10-19 18:09:10,990 - trading_bot.ml_model - INFO - Modell erfolgreich gespeichert
2025-10-19 18:09:11,032 - trading_bot.ml_model - INFO - Training abgeschlossen. Genauigkeit: 95.32%
2025-10-19 18:09:11,070 - trading_bot.historical_trainer - INFO - ✓ Historical Training abgeschlossen - Accuracy: 95.32%
2025-10-19 18:09:11,075 - __main__ - INFO - 
2025-10-19 18:09:11,077 - __main__ - INFO - ======================================================================
2025-10-19 18:09:11,077 - __main__ - INFO - 📈 TRAINING RESULTS
2025-10-19 18:09:11,078 - __main__ - INFO - ======================================================================
2025-10-19 18:09:11,078 - __main__ - INFO - Verarbeitete Symbole: 9/10
2025-10-19 18:09:11,078 - __main__ - INFO - Total Samples: 5,508
2025-10-19 18:09:11,079 - __main__ - INFO -   • Kauf-Signale:   2,654 (48.2%)
2025-10-19 18:09:11,079 - __main__ - INFO -   • Halten-Signale: 590 (10.7%)
2025-10-19 18:09:11,079 - __main__ - INFO -   • Verkauf-Signale: 2,264 (41.1%)
2025-10-19 18:09:11,080 - __main__ - INFO - Training Accuracy: 95.32%
2025-10-19 18:09:11,080 - __main__ - WARNING - 
⚠ Fehler bei 1 Symbol(en):
2025-10-19 18:09:11,080 - __main__ - WARNING -   - MATIC/USD: Nicht genug Daten
2025-10-19 18:09:11,080 - __main__ - INFO - 
2025-10-19 18:09:11,081 - __main__ - INFO - ======================================================================
2025-10-19 18:09:11,081 - __main__ - INFO - 📰 PHASE 2: NEWS SENTIMENT ANALYSIS
2025-10-19 18:09:11,081 - __main__ - INFO - ======================================================================
2025-10-19 18:09:11,628 - trading_bot.news_provider - INFO - 15 News-Artikel für BTC geladen
2025-10-19 18:09:11,629 - __main__ - INFO - 
BTC/USD:
2025-10-19 18:09:11,630 - __main__ - INFO -   Sentiment-Score: -0.75
2025-10-19 18:09:11,630 - __main__ - INFO -   Overall: NEGATIVE
2025-10-19 18:09:11,631 - __main__ - INFO -   News-Artikel: 15
2025-10-19 18:09:11,632 - __main__ - INFO -   Positiv/Neutral/Negativ: 0/0/15
2025-10-19 18:09:12,278 - trading_bot.news_provider - INFO - 15 News-Artikel für BTC geladen
2025-10-19 18:09:12,287 - trading_bot.news_provider - INFO - 15 News-Artikel für BTC gespeichert: news_data\BTC_news_20251019.json
2025-10-19 18:09:12,936 - trading_bot.news_provider - INFO - 15 News-Artikel für ETH geladen
2025-10-19 18:09:12,937 - __main__ - INFO - 
ETH/USD:
2025-10-19 18:09:12,938 - __main__ - INFO -   Sentiment-Score: -0.75
2025-10-19 18:09:12,938 - __main__ - INFO -   Overall: NEGATIVE
2025-10-19 18:09:12,939 - __main__ - INFO -   News-Artikel: 15
2025-10-19 18:09:12,939 - __main__ - INFO -   Positiv/Neutral/Negativ: 0/0/15
2025-10-19 18:09:13,555 - trading_bot.news_provider - INFO - 15 News-Artikel für ETH geladen
2025-10-19 18:09:13,558 - trading_bot.news_provider - INFO - 15 News-Artikel für ETH gespeichert: news_data\ETH_news_20251019.json
2025-10-19 18:09:14,151 - trading_bot.news_provider - INFO - 15 News-Artikel für SOL geladen
2025-10-19 18:09:14,151 - __main__ - INFO - 
SOL/USD:
2025-10-19 18:09:14,152 - __main__ - INFO -   Sentiment-Score: -0.75
2025-10-19 18:09:14,152 - __main__ - INFO -   Overall: NEGATIVE
2025-10-19 18:09:14,152 - __main__ - INFO -   News-Artikel: 15
2025-10-19 18:09:14,153 - __main__ - INFO -   Positiv/Neutral/Negativ: 0/0/15
2025-10-19 18:09:14,763 - trading_bot.news_provider - INFO - 15 News-Artikel für SOL geladen
2025-10-19 18:09:14,793 - trading_bot.news_provider - INFO - 15 News-Artikel für SOL gespeichert: news_data\SOL_news_20251019.json
2025-10-19 18:09:14,794 - __main__ - INFO - 
2025-10-19 18:09:14,795 - __main__ - INFO - ======================================================================
2025-10-19 18:09:14,796 - __main__ - INFO - 🔍 PHASE 3: BACKTESTING
2025-10-19 18:09:14,797 - __main__ - INFO - ======================================================================
2025-10-19 18:09:14,797 - __main__ - INFO - Teste das trainierte Modell auf historischen Daten...
2025-10-19 18:09:14,798 - __main__ - INFO - 
2025-10-19 18:09:14,801 - trading_bot.historical_trainer - INFO - Starte Backtest für BTC/USD von 2024-10-19 bis 2025-10-19
2025-10-19 18:09:14,802 - trading_bot.data_provider - INFO - Hole historische Daten für BTC/USD (1d), Limit: 5000
2025-10-19 18:09:14,983 - trading_bot.data_provider - INFO - Erfolgreich 721 Kerzen für BTC/USD geladen
2025-10-19 18:09:15,039 - trading_bot.indicators - INFO - Erfolgreich 22 Indikatoren berechnet
2025-10-19 18:09:27,179 - trading_bot.historical_trainer - INFO - Backtest abgeschlossen: Return=-8.14%, Win-Rate=46.7%
2025-10-19 18:09:27,180 - __main__ - INFO - Backtest Ergebnisse für BTC/USD:
2025-10-19 18:09:27,180 - __main__ - INFO -   Zeitraum: 2024-10-19 bis 2025-10-19
2025-10-19 18:09:27,181 - __main__ - INFO -   Start-Kapital: $10,000.00
2025-10-19 18:09:27,181 - __main__ - INFO -   End-Kapital: $9,186.42
2025-10-19 18:09:27,182 - __main__ - INFO -   Total Return: -8.14%
2025-10-19 18:09:27,182 - __main__ - INFO -   Total Trades: 15
2025-10-19 18:09:27,183 - __main__ - INFO -   Win-Rate: 46.7%
2025-10-19 18:09:27,183 - __main__ - INFO -   Gewinn/Verlust: 7/8
2025-10-19 18:09:27,184 - __main__ - INFO -   Avg. Gewinn: $284.04
2025-10-19 18:09:27,184 - __main__ - INFO -   Avg. Verlust: $-350.24
2025-10-19 18:09:27,185 - __main__ - INFO - 
2025-10-19 18:09:27,185 - __main__ - WARNING -   ⚠ Negative Performance - Modell könnte Optimierung benötigen
2025-10-19 18:09:27,186 - __main__ - INFO - 
2025-10-19 18:09:27,186 - __main__ - INFO - ======================================================================
2025-10-19 18:09:27,187 - __main__ - INFO - ✅ COMPREHENSIVE TRAINING ABGESCHLOSSEN
2025-10-19 18:09:27,187 - __main__ - INFO - ======================================================================
2025-10-19 18:09:27,187 - __main__ - INFO - 
2025-10-19 18:09:27,188 - __main__ - INFO - 📁 Gespeicherte Modelle:
2025-10-19 18:09:27,188 - __main__ - INFO -   • models/trading_model.pkl - Hauptmodell
2025-10-19 18:09:27,188 - __main__ - INFO -   • models/scaler.pkl - Feature Scaler
2025-10-19 18:09:27,189 - __main__ - INFO -   • models/versions/ - Backups
2025-10-19 18:09:27,189 - __main__ - INFO -   • news_data/ - Gespeicherte News-Artikel
2025-10-19 18:09:27,190 - __main__ - INFO - 
2025-10-19 18:09:27,191 - __main__ - INFO - 🚀 Das Modell ist jetzt bereit für Live-Trading!
2025-10-19 18:09:27,192 - __main__ - INFO - 
2025-10-19 18:09:27,192 - __main__ - INFO - Nächste Schritte:
2025-10-19 18:09:27,192 - __main__ - INFO -   1. Starte den Bot: python main.py
2025-10-19 18:09:27,192 - __main__ - INFO -   2. Monitor Learning: python monitor_learning.py
2025-10-19 18:09:27,193 - __main__ - INFO -   3. Die KI lernt kontinuierlich aus Live-Trades weiter
2025-10-19 18:09:27,194 - __main__ - INFO - 
2025-10-19 18:09:27,231 - __main__ - INFO - Training erfolgreich abgeschlossen! ✓
2025-10-19 23:51:09,822 - __main__ - INFO - ======================================================================
2025-10-19 23:51:09,822 - __main__ - INFO - STARTE COMPREHENSIVE TRAINING
2025-10-19 23:51:09,823 - __main__ - INFO - ======================================================================
2025-10-19 23:51:09,823 - __main__ - INFO - Symbole: BTC/USD, ETH/USD, SOL/USD, XRP/USD, ADA/USD, BNB/USD, DOGE/USD, MATIC/USD, DOT/USD, AVAX/USD
2025-10-19 23:51:09,824 - __main__ - INFO - Historische Daten: 15 Jahre
2025-10-19 23:51:09,824 - __main__ - INFO - Timeframe: 1d
2025-10-19 23:51:09,824 - __main__ - INFO - News-Integration: ✓ Aktiviert
2025-10-19 23:51:09,825 - __main__ - INFO - 
2025-10-19 23:51:09,825 - __main__ - INFO - 📦 Initialisiere Komponenten...
2025-10-19 23:51:09,825 - trading_bot.data_provider - INFO - Kraken Exchange ohne API-Keys initialisiert (nur öffentliche Daten)
2025-10-19 23:51:09,838 - trading_bot.data_provider - INFO - Kraken Exchange erfolgreich initialisiert
2025-10-19 23:51:09,838 - trading_bot.indicators - INFO - TechnicalIndicators erfolgreich initialisiert
2025-10-19 23:51:09,966 - trading_bot.ml_model - INFO - Gespeichertes Modell erfolgreich geladen
2025-10-19 23:51:09,967 - trading_bot.ml_model - INFO - MLModel erfolgreich initialisiert
2025-10-19 23:51:09,968 - trading_bot.news_provider - INFO - NewsProvider initialisiert
2025-10-19 23:51:09,969 - __main__ - INFO - ✓ NewsProvider initialisiert
2025-10-19 23:51:09,969 - trading_bot.historical_trainer - INFO - HistoricalTrainer initialisiert
2025-10-19 23:51:09,970 - __main__ - INFO - ✓ Alle Komponenten initialisiert
2025-10-19 23:51:09,970 - __main__ - INFO - 
2025-10-19 23:51:09,971 - __main__ - INFO - ======================================================================
2025-10-19 23:51:09,971 - __main__ - INFO - 📊 PHASE 1: HISTORICAL DATA TRAINING
2025-10-19 23:51:09,972 - __main__ - INFO - ======================================================================
2025-10-19 23:51:09,972 - __main__ - INFO - Lade und verarbeite 15 Jahre Daten für 10 Symbole...
2025-10-19 23:51:09,972 - __main__ - INFO - Dies kann einige Minuten dauern...
2025-10-19 23:51:09,973 - __main__ - INFO - 
2025-10-19 23:51:09,973 - trading_bot.historical_trainer - INFO - Starte Historical Training: 10 Symbole, 15 Jahre, Timeframe: 1d
2025-10-19 23:51:09,978 - trading_bot.historical_trainer - INFO - Lade historische Daten für BTC/USD...
2025-10-19 23:51:09,979 - trading_bot.data_provider - INFO - Hole historische Daten für BTC/USD (1d), Limit: 5475
2025-10-19 23:51:13,341 - trading_bot.data_provider - INFO - Erfolgreich 721 Kerzen für BTC/USD geladen
2025-10-19 23:51:13,364 - trading_bot.historical_trainer - INFO - BTC/USD: 721 Kerzen geladen (von 2023-10-30 00:00:00 bis 2025-10-19 00:00:00)
2025-10-19 23:51:15,125 - trading_bot.indicators - INFO - Erfolgreich 22 Indikatoren berechnet
2025-10-19 23:51:15,891 - trading_bot.news_provider - INFO - 15 News-Artikel für BTC/USD geladen
2025-10-19 23:51:32,857 - trading_bot.historical_trainer - INFO - BTC/USD: 672 Samples generiert
2025-10-19 23:51:32,859 - trading_bot.historical_trainer - INFO - Lade historische Daten für ETH/USD...
2025-10-19 23:51:32,880 - trading_bot.data_provider - INFO - Hole historische Daten für ETH/USD (1d), Limit: 5475
2025-10-19 23:51:33,102 - trading_bot.data_provider - INFO - Erfolgreich 721 Kerzen für ETH/USD geladen
2025-10-19 23:51:33,103 - trading_bot.historical_trainer - INFO - ETH/USD: 721 Kerzen geladen (von 2023-10-30 00:00:00 bis 2025-10-19 00:00:00)
2025-10-19 23:51:33,156 - trading_bot.indicators - INFO - Erfolgreich 22 Indikatoren berechnet
2025-10-19 23:51:33,755 - trading_bot.news_provider - INFO - 15 News-Artikel für ETH/USD geladen
2025-10-19 23:51:52,238 - trading_bot.historical_trainer - INFO - ETH/USD: 672 Samples generiert
2025-10-19 23:51:52,240 - trading_bot.historical_trainer - INFO - Lade historische Daten für SOL/USD...
2025-10-19 23:51:52,241 - trading_bot.data_provider - INFO - Hole historische Daten für SOL/USD (1d), Limit: 5475
2025-10-19 23:51:52,445 - trading_bot.data_provider - INFO - Erfolgreich 721 Kerzen für SOL/USD geladen
2025-10-19 23:51:52,447 - trading_bot.historical_trainer - INFO - SOL/USD: 721 Kerzen geladen (von 2023-10-30 00:00:00 bis 2025-10-19 00:00:00)
2025-10-19 23:51:52,533 - trading_bot.indicators - INFO - Erfolgreich 22 Indikatoren berechnet
2025-10-19 23:51:53,331 - trading_bot.news_provider - INFO - 15 News-Artikel für SOL/USD geladen
2025-10-19 23:52:09,817 - trading_bot.historical_trainer - INFO - SOL/USD: 672 Samples generiert
2025-10-19 23:52:09,818 - trading_bot.historical_trainer - INFO - Lade historische Daten für XRP/USD...
2025-10-19 23:52:09,819 - trading_bot.data_provider - INFO - Hole historische Daten für XRP/USD (1d), Limit: 5475
2025-10-19 23:52:09,975 - trading_bot.data_provider - INFO - Erfolgreich 721 Kerzen für XRP/USD geladen
2025-10-19 23:52:09,976 - trading_bot.historical_trainer - INFO - XRP/USD: 721 Kerzen geladen (von 2023-10-30 00:00:00 bis 2025-10-19 00:00:00)
2025-10-19 23:52:10,031 - trading_bot.indicators - INFO - Erfolgreich 22 Indikatoren berechnet
2025-10-19 23:52:10,630 - trading_bot.news_provider - INFO - 15 News-Artikel für XRP/USD geladen
2025-10-19 23:52:26,965 - trading_bot.historical_trainer - INFO - XRP/USD: 672 Samples generiert
2025-10-19 23:52:26,967 - trading_bot.historical_trainer - INFO - Lade historische Daten für ADA/USD...
2025-10-19 23:52:26,968 - trading_bot.data_provider - INFO - Hole historische Daten für ADA/USD (1d), Limit: 5475
2025-10-19 23:52:27,110 - trading_bot.data_provider - INFO - Erfolgreich 721 Kerzen für ADA/USD geladen
2025-10-19 23:52:27,111 - trading_bot.historical_trainer - INFO - ADA/USD: 721 Kerzen geladen (von 2023-10-30 00:00:00 bis 2025-10-19 00:00:00)
2025-10-19 23:52:27,171 - trading_bot.indicators - INFO - Erfolgreich 22 Indikatoren berechnet
2025-10-19 23:52:27,798 - trading_bot.news_provider - INFO - 15 News-Artikel für ADA/USD geladen
2025-10-19 23:52:43,724 - trading_bot.historical_trainer - INFO - ADA/USD: 672 Samples generiert
2025-10-19 23:52:43,726 - trading_bot.historical_trainer - INFO - Lade historische Daten für BNB/USD...
2025-10-19 23:52:43,726 - trading_bot.data_provider - INFO - Hole historische Daten für BNB/USD (1d), Limit: 5475
2025-10-19 23:52:43,813 - trading_bot.data_provider - INFO - Erfolgreich 181 Kerzen für BNB/USD geladen
2025-10-19 23:52:43,814 - trading_bot.historical_trainer - INFO - BNB/USD: 181 Kerzen geladen (von 2025-04-22 00:00:00 bis 2025-10-19 00:00:00)
2025-10-19 23:52:43,867 - trading_bot.indicators - INFO - Erfolgreich 22 Indikatoren berechnet
2025-10-19 23:52:44,470 - trading_bot.news_provider - INFO - 15 News-Artikel für BNB/USD geladen
2025-10-19 23:52:47,837 - trading_bot.historical_trainer - INFO - BNB/USD: 132 Samples generiert
2025-10-19 23:52:47,838 - trading_bot.historical_trainer - INFO - Lade historische Daten für DOGE/USD...
2025-10-19 23:52:47,839 - trading_bot.data_provider - INFO - Hole historische Daten für DOGE/USD (1d), Limit: 5475
2025-10-19 23:52:48,017 - trading_bot.data_provider - INFO - Erfolgreich 721 Kerzen für DOGE/USD geladen
2025-10-19 23:52:48,018 - trading_bot.historical_trainer - INFO - DOGE/USD: 721 Kerzen geladen (von 2023-10-30 00:00:00 bis 2025-10-19 00:00:00)
2025-10-19 23:52:48,074 - trading_bot.indicators - INFO - Erfolgreich 22 Indikatoren berechnet
2025-10-19 23:52:48,669 - trading_bot.news_provider - INFO - 15 News-Artikel für DOGE/USD geladen
2025-10-19 23:53:05,989 - trading_bot.historical_trainer - INFO - DOGE/USD: 672 Samples generiert
2025-10-19 23:53:05,990 - trading_bot.historical_trainer - INFO - Lade historische Daten für MATIC/USD...
2025-10-19 23:53:05,990 - trading_bot.data_provider - INFO - Hole historische Daten für MATIC/USD (1d), Limit: 5475
2025-10-19 23:53:05,991 - trading_bot.data_provider - ERROR - Fehler beim Abrufen der historischen Daten für MATIC/USD: kraken does not have market symbol MATIC/USD
2025-10-19 23:53:05,991 - trading_bot.historical_trainer - WARNING - Nicht genug Daten für MATIC/USD - überspringe
2025-10-19 23:53:05,991 - trading_bot.historical_trainer - INFO - Lade historische Daten für DOT/USD...
2025-10-19 23:53:05,991 - trading_bot.data_provider - INFO - Hole historische Daten für DOT/USD (1d), Limit: 5475
2025-10-19 23:53:06,143 - trading_bot.data_provider - INFO - Erfolgreich 721 Kerzen für DOT/USD geladen
2025-10-19 23:53:06,144 - trading_bot.historical_trainer - INFO - DOT/USD: 721 Kerzen geladen (von 2023-10-30 00:00:00 bis 2025-10-19 00:00:00)
2025-10-19 23:53:06,211 - trading_bot.indicators - INFO - Erfolgreich 22 Indikatoren berechnet
2025-10-19 23:53:06,954 - trading_bot.news_provider - INFO - 15 News-Artikel für DOT/USD geladen
2025-10-19 23:53:23,795 - trading_bot.historical_trainer - INFO - DOT/USD: 672 Samples generiert
2025-10-19 23:53:23,796 - trading_bot.historical_trainer - INFO - Lade historische Daten für AVAX/USD...
2025-10-19 23:53:23,797 - trading_bot.data_provider - INFO - Hole historische Daten für AVAX/USD (1d), Limit: 5475
2025-10-19 23:53:23,942 - trading_bot.data_provider - INFO - Erfolgreich 721 Kerzen für AVAX/USD geladen
2025-10-19 23:53:23,943 - trading_bot.historical_trainer - INFO - AVAX/USD: 721 Kerzen geladen (von 2023-10-30 00:00:00 bis 2025-10-19 00:00:00)
2025-10-19 23:53:23,979 - trading_bot.indicators - INFO - Erfolgreich 22 Indikatoren berechnet
2025-10-19 23:53:24,598 - trading_bot.news_provider - INFO - 15 News-Artikel für AVAX/USD geladen
2025-10-19 23:53:40,834 - trading_bot.historical_trainer - INFO - AVAX/USD: 672 Samples generiert
2025-10-19 23:53:40,844 - trading_bot.historical_trainer - INFO - Gesamtdaten: 5508 Samples aus 9 Symbolen
2025-10-19 23:53:40,845 - trading_bot.historical_trainer - INFO - Label-Verteilung: Kauf=2654, Halten=590, Verkauf=2264
2025-10-19 23:53:40,845 - trading_bot.historical_trainer - INFO - Starte Modell-Training mit historischen Daten...
2025-10-19 23:53:40,846 - trading_bot.ml_model - INFO - Starte Training mit 5508 Samples...
2025-10-19 23:53:40,863 - trading_bot.ml_model - INFO - XGBoost Modell initialisiert
2025-10-19 23:53:43,292 - trading_bot.ml_model - INFO - Modell erfolgreich gespeichert
2025-10-19 23:53:43,311 - trading_bot.ml_model - INFO - Training abgeschlossen. Genauigkeit: 95.59%
2025-10-19 23:53:43,347 - trading_bot.historical_trainer - INFO - ✓ Historical Training abgeschlossen - Accuracy: 95.59%
2025-10-19 23:53:43,352 - __main__ - INFO - 
2025-10-19 23:53:43,352 - __main__ - INFO - ======================================================================
2025-10-19 23:53:43,353 - __main__ - INFO - 📈 TRAINING RESULTS
2025-10-19 23:53:43,353 - __main__ - INFO - ======================================================================
2025-10-19 23:53:43,353 - __main__ - INFO - Verarbeitete Symbole: 9/10
2025-10-19 23:53:43,353 - __main__ - INFO - Total Samples: 5,508
2025-10-19 23:53:43,354 - __main__ - INFO -   • Kauf-Signale:   2,654 (48.2%)
2025-10-19 23:53:43,354 - __main__ - INFO -   • Halten-Signale: 590 (10.7%)
2025-10-19 23:53:43,354 - __main__ - INFO -   • Verkauf-Signale: 2,264 (41.1%)
2025-10-19 23:53:43,354 - __main__ - INFO - Training Accuracy: 95.59%
2025-10-19 23:53:43,354 - __main__ - WARNING - 
⚠ Fehler bei 1 Symbol(en):
2025-10-19 23:53:43,355 - __main__ - WARNING -   - MATIC/USD: Nicht genug Daten
2025-10-19 23:53:43,355 - __main__ - INFO - 
2025-10-19 23:53:43,355 - __main__ - INFO - ======================================================================
2025-10-19 23:53:43,355 - __main__ - INFO - 📰 PHASE 2: NEWS SENTIMENT ANALYSIS
2025-10-19 23:53:43,356 - __main__ - INFO - ======================================================================
2025-10-19 23:53:43,968 - trading_bot.news_provider - INFO - 15 News-Artikel für BTC geladen
2025-10-19 23:53:43,969 - __main__ - INFO - 
BTC/USD:
2025-10-19 23:53:43,970 - __main__ - INFO -   Sentiment-Score: -0.75
2025-10-19 23:53:43,970 - __main__ - INFO -   Overall: NEGATIVE
2025-10-19 23:53:43,972 - __main__ - INFO -   News-Artikel: 15
2025-10-19 23:53:43,972 - __main__ - INFO -   Positiv/Neutral/Negativ: 0/0/15
2025-10-19 23:53:44,563 - trading_bot.news_provider - INFO - 15 News-Artikel für BTC geladen
2025-10-19 23:53:44,567 - trading_bot.news_provider - INFO - 15 News-Artikel für BTC gespeichert: news_data\BTC_news_20251019.json
2025-10-19 23:53:45,297 - trading_bot.news_provider - INFO - 15 News-Artikel für ETH geladen
2025-10-19 23:53:45,311 - __main__ - INFO - 
ETH/USD:
2025-10-19 23:53:45,311 - __main__ - INFO -   Sentiment-Score: -0.75
2025-10-19 23:53:45,312 - __main__ - INFO -   Overall: NEGATIVE
2025-10-19 23:53:45,315 - __main__ - INFO -   News-Artikel: 15
2025-10-19 23:53:45,315 - __main__ - INFO -   Positiv/Neutral/Negativ: 0/0/15
2025-10-19 23:53:45,968 - trading_bot.news_provider - INFO - 15 News-Artikel für ETH geladen
2025-10-19 23:53:45,989 - trading_bot.news_provider - INFO - 15 News-Artikel für ETH gespeichert: news_data\ETH_news_20251019.json
2025-10-19 23:53:46,613 - trading_bot.news_provider - INFO - 15 News-Artikel für SOL geladen
2025-10-19 23:53:46,614 - __main__ - INFO - 
SOL/USD:
2025-10-19 23:53:46,614 - __main__ - INFO -   Sentiment-Score: -0.75
2025-10-19 23:53:46,614 - __main__ - INFO -   Overall: NEGATIVE
2025-10-19 23:53:46,615 - __main__ - INFO -   News-Artikel: 15
2025-10-19 23:53:46,615 - __main__ - INFO -   Positiv/Neutral/Negativ: 0/0/15
2025-10-19 23:53:47,285 - trading_bot.news_provider - INFO - 15 News-Artikel für SOL geladen
2025-10-19 23:53:47,290 - trading_bot.news_provider - INFO - 15 News-Artikel für SOL gespeichert: news_data\SOL_news_20251019.json
2025-10-19 23:53:47,291 - __main__ - INFO - 
2025-10-19 23:53:47,292 - __main__ - INFO - ======================================================================
2025-10-19 23:53:47,293 - __main__ - INFO - 🔍 PHASE 3: BACKTESTING
2025-10-19 23:53:47,294 - __main__ - INFO - ======================================================================
2025-10-19 23:53:47,295 - __main__ - INFO - Teste das trainierte Modell auf historischen Daten...
2025-10-19 23:53:47,296 - __main__ - INFO - 
2025-10-19 23:53:47,299 - trading_bot.historical_trainer - INFO - Starte Backtest für BTC/USD von 2024-10-19 bis 2025-10-19
2025-10-19 23:53:47,300 - trading_bot.data_provider - INFO - Hole historische Daten für BTC/USD (1d), Limit: 5000
2025-10-19 23:53:47,454 - trading_bot.data_provider - INFO - Erfolgreich 721 Kerzen für BTC/USD geladen
2025-10-19 23:53:47,555 - trading_bot.indicators - INFO - Erfolgreich 22 Indikatoren berechnet
2025-10-19 23:53:55,132 - trading_bot.historical_trainer - INFO - Backtest abgeschlossen: Return=-8.24%, Win-Rate=46.7%
2025-10-19 23:53:55,133 - __main__ - INFO - Backtest Ergebnisse für BTC/USD:
2025-10-19 23:53:55,133 - __main__ - INFO -   Zeitraum: 2024-10-19 bis 2025-10-19
2025-10-19 23:53:55,134 - __main__ - INFO -   Start-Kapital: $10,000.00
2025-10-19 23:53:55,134 - __main__ - INFO -   End-Kapital: $9,176.26
2025-10-19 23:53:55,134 - __main__ - INFO -   Total Return: -8.24%
2025-10-19 23:53:55,134 - __main__ - INFO -   Total Trades: 15
2025-10-19 23:53:55,135 - __main__ - INFO -   Win-Rate: 46.7%
2025-10-19 23:53:55,135 - __main__ - INFO -   Gewinn/Verlust: 7/8
2025-10-19 23:53:55,135 - __main__ - INFO -   Avg. Gewinn: $282.41
2025-10-19 23:53:55,135 - __main__ - INFO -   Avg. Verlust: $-350.08
2025-10-19 23:53:55,135 - __main__ - INFO - 
2025-10-19 23:53:55,136 - __main__ - WARNING -   ⚠ Negative Performance - Modell könnte Optimierung benötigen
2025-10-19 23:53:55,136 - __main__ - INFO - 
2025-10-19 23:53:55,136 - __main__ - INFO - ======================================================================
2025-10-19 23:53:55,136 - __main__ - INFO - ✅ COMPREHENSIVE TRAINING ABGESCHLOSSEN
2025-10-19 23:53:55,136 - __main__ - INFO - ======================================================================
2025-10-19 23:53:55,136 - __main__ - INFO - 
2025-10-19 23:53:55,137 - __main__ - INFO - 📁 Gespeicherte Modelle:
2025-10-19 23:53:55,137 - __main__ - INFO -   • models/trading_model.pkl - Hauptmodell
2025-10-19 23:53:55,137 - __main__ - INFO -   • models/scaler.pkl - Feature Scaler
2025-10-19 23:53:55,137 - __main__ - INFO -   • models/versions/ - Backups
2025-10-19 23:53:55,137 - __main__ - INFO -   • news_data/ - Gespeicherte News-Artikel
2025-10-19 23:53:55,137 - __main__ - INFO - 
2025-10-19 23:53:55,137 - __main__ - INFO - 🚀 Das Modell ist jetzt bereit für Live-Trading!
2025-10-19 23:53:55,138 - __main__ - INFO - 
2025-10-19 23:53:55,138 - __main__ - INFO - Nächste Schritte:
2025-10-19 23:53:55,138 - __main__ - INFO -   1. Starte den Bot: python main.py
2025-10-19 23:53:55,138 - __main__ - INFO -   2. Monitor Learning: python monitor_learning.py
2025-10-19 23:53:55,138 - __main__ - INFO -   3. Die KI lernt kontinuierlich aus Live-Trades weiter
2025-10-19 23:53:55,138 - __main__ - INFO - 
2025-10-19 23:53:55,157 - __main__ - INFO - Training erfolgreich abgeschlossen! ✓
